PAG 4:
00391796101
Esemplare per:     
 Contraente   
 da rendere ﬁrmato a SACE BT   
 Intermediario
 
MODELLO R.E. NS
Polizza 5724.00.13.13581585
Pagina 4 di 19
 
 


PAG 5:
00391796101
Esemplare per:     
 Contraente   
 da rendere ﬁrmato a SACE BT   
 Intermediario
 
MODELLO R.E. NS
Polizza 5724.00.13.13581585
Pagina 5 di 19
 


PAG 6:
00391796101
Esemplare per:     
 Contraente   
 da rendere ﬁrmato a SACE BT   
 Intermediario
 
MODELLO R.E. NS
Polizza 5724.00.13.13581585
Pagina 6 di 19
 
